Microchip MPLAB XC8 Compiler V2.32

Linker command line:

-W-3 --edf=C:\Program Files\Microchip\xc8\v2.32\pic\dat\en_msgs.txt \
  -pivt0x608=0608h -cn -h+dist/default/production\App1.X.production.sym \
  --cmf=dist/default/production\App1.X.production.cmf -z -Q18F16Q40 \
  -oC:\Users\A50807\AppData\Local\Temp\xcAsf68.4 --defsym=__MPLAB_BUILD=1 \
  -Mdist/default/production/App1.X.production.map -E1 -ver=XC8 Compiler \
  --acfsm=1493 -ASTACK=0560h-014FFh -pstack=STACK -p_app_loaded_const=FFFEh \
  -ACODE=0600h-0FFFFh -ACONST=0600h-0FFFFh -ASMALLCONST=01600h-016FFhx234 \
  -AMEDIUMCONST=01600h-0FFFFh -ACOMRAM=0501h-055Fh -AABS1=0500h-015FFh \
  -ABIGRAM=0501h-015FFh -ARAM=0560h-05FFh,0600h-06FFhx16 \
  -ABANK5=0560h-05FFh -ABANK6=0600h-06FFh -ABANK7=0700h-07FFh \
  -ABANK8=0800h-08FFh -ABANK9=0900h-09FFh -ABANK10=0A00h-0AFFh \
  -ABANK11=0B00h-0BFFh -ABANK12=0C00h-0CFFh -ABANK13=0D00h-0DFFh \
  -ABANK14=0E00h-0EFFh -ABANK15=0F00h-0FFFh -ABANK16=01000h-010FFh \
  -ABANK17=01100h-011FFh -ABANK18=01200h-012FFh -ABANK19=01300h-013FFh \
  -ABANK20=01400h-014FFh -ABANK21=01500h-015FFh \
  -ASFR=00h-0FFhx4,0400h-045Fh,0460h-04FFh -ACONFIG=0300000h-0300011h \
  -AIDLOC=0200000h-020001Fh -AEEDATA=0380000h-03801FFh -peeprom_data=EEDATA \
  -preset_vec=0600h -ppowerup=CODE,init -pramtop=01600h \
  -psmallconst=SMALLCONST -pmediumconst=MEDIUMCONST -pconst=CONST \
  -AFARRAM=00h-00h \
  -prdata=COMRAM,nvrram=COMRAM,nvbit=COMRAM,rbss=COMRAM,rbit=COMRAM \
  -pfarbss=FARRAM,fardata=FARRAM,nvFARRAM=FARRAM \
  -pintsave_regs=BIGRAM,bigbss=BIGRAM,bigdata=BIGRAM -pbss=RAM \
  -pidata=CODE,irdata=CODE,ibigdata=CODE,ifardata=CODE -prparam=COMRAM \
  C:\Users\A50807\AppData\Local\Temp\xcAsf68.o \
  dist/default/production\App1.X.production.o 

Object code version is 3.11

Machine type is 18F16Q40



                Name                               Link     Load   Length Selector   Space Scale
C:\Users\A50807\AppData\Local\Temp\xcAsf68.o
                idloc                            200000   200000       20        0       5
                config                           300000   300000        A        0       4
                init                                6BA      6BA        4      304       0
                reset_vec                           600      600        4      300       0
dist/default/production\App1.X.production.o
                idloc                            200000   200000       20        0       5
                config                           300000   300000        A        0       4
                smallconst                         1600     1600        2      B00       0
                ivt0x608                            608      608       B2      304       0
                text12                             1878     1878        4      B01       0
                text11                             1728     1728       4A      B01       0
                text10                             17B0     17B0       2E      B01       0
                text9                              187C     187C        2      B01       0
                text8                              1672     1672       62      B01       0
                text7                              1772     1772       3E      B01       0
                text6                              183C     183C       1C      B01       0
                text5                              16D4     16D4       54      B01       0
                text4                              1820     1820       1C      B01       0
                text3                              186E     186E        A      B01       0
                text2                              17DE     17DE       26      B01       0
                text1                              1858     1858       16      B01       0
                text0                              1602     1602       70      B01       0
                cstackCOMRAM                        501      501        A      501       1
                bssCOMRAM                           50B      50B        4      501       1
                cinit                              1804     1804       1C      B01       0
                nvCOMRAM                            50F      50F        2      501       1
                _app_loaded_const                  FFFE     FFFE        2     7FFF       0

TOTAL           Name                               Link     Load   Length     Space
        CLASS   STACK          

        CLASS   CODE           
                init                                6BA      6BA        4         0
                reset_vec                           600      600        4         0
                ivt0x608                            608      608       B2         0
                text12                             1878     1878        4         0
                text11                             1728     1728       4A         0
                text10                             17B0     17B0       2E         0
                text9                              187C     187C        2         0
                text8                              1672     1672       62         0
                text7                              1772     1772       3E         0
                text6                              183C     183C       1C         0
                text5                              16D4     16D4       54         0
                text4                              1820     1820       1C         0
                text3                              186E     186E        A         0
                text2                              17DE     17DE       26         0
                text1                              1858     1858       16         0
                text0                              1602     1602       70         0
                cinit                              1804     1804       1C         0
                _app_loaded_const                  FFFE     FFFE        2         0

        CLASS   CONST          

        CLASS   SMALLCONST     
                smallconst                         1600     1600        2         0

        CLASS   MEDIUMCONST    

        CLASS   COMRAM         
                cstackCOMRAM                        501      501        A         1
                bssCOMRAM                           50B      50B        4         1
                nvCOMRAM                            50F      50F        2         1

        CLASS   ABS1           
                abs_s1                             1500     1500        2         1

        CLASS   BIGRAM         

        CLASS   RAM            

        CLASS   BANK5          

        CLASS   BANK6          

        CLASS   BANK7          

        CLASS   BANK8          

        CLASS   BANK9          

        CLASS   BANK10         

        CLASS   BANK11         

        CLASS   BANK12         

        CLASS   BANK13         

        CLASS   BANK14         

        CLASS   BANK15         

        CLASS   BANK16         

        CLASS   BANK17         

        CLASS   BANK18         

        CLASS   BANK19         

        CLASS   BANK20         

        CLASS   BANK21         

        CLASS   SFR            

        CLASS   CONFIG         
                config                           300000   300000        A         4

        CLASS   IDLOC          
                idloc                            200000   200000       20         5

        CLASS   EEDATA         

        CLASS   FARRAM         



SEGMENTS        Name                           Load    Length   Top    Selector   Space  Class

                cstackCOMRAM                   000501  000010  000511       501       1  COMRAM  
                reset_vec                      000600  000004  000604       300       0  CODE    
                ivt0x608                       000608  0000B6  0006BE       304       0  CODE    
                smallconst                     001600  000002  001602       B00       0  SMALLCON
                text0                          001602  00027C  00187E       B01       0  CODE    
                _app_loaded_const              00FFFE  000002  010000      7FFF       0  CODE    


UNUSED ADDRESS RANGES

        Name                Unused          Largest block    Delta
        BANK10           000A00-000AFF              100
        BANK11           000B00-000BFF              100
        BANK12           000C00-000CFF              100
        BANK13           000D00-000DFF              100
        BANK14           000E00-000EFF              100
        BANK15           000F00-000FFF              100
        BANK16           001000-0010FF              100
        BANK17           001100-0011FF              100
        BANK18           001200-0012FF              100
        BANK19           001300-0013FF              100
        BANK20           001400-0014FF              100
        BANK21           001502-0015FF               FE
        BANK5            000560-0005FF               A0
        BANK6            000600-0006FF              100
        BANK7            000700-0007FF              100
        BANK8            000800-0008FF              100
        BANK9            000900-0009FF              100
        BIGRAM           000511-0014FF              FEF
                         001502-0015FF               FE
        CODE             000604-000607                4
                         0006BE-0015FF              F42
                         00187E-00FFFD             E780
        COMRAM           000511-00055F               4F
        CONFIG           30000A-300011                8
        CONST            000604-000607                4
                         0006BE-0015FF              F42
                         00187E-00FFFD             E780
        EEDATA           380000-3801FF              200
        FARRAM           000000-000000                1
        MEDIUMCONST      00187E-00FFFD             E780
        RAM              000560-0014FF              100
                         001502-0015FF               FE
        SFR              000000-0004FF              100
        SMALLCONST       00187E-00FFFD              100
        STACK            000560-0014FF              FA0

                                  Symbol Table

FLASH_EraseBlock@GIEBitValue              cstackCOMRAM      000506
FLASH_EraseBlock@blockStartAddr           cstackCOMRAM      000507
FLASH_EraseBlock@flashAddr                cstackCOMRAM      000502
INTERRUPT_Initialize@state                cstackCOMRAM      000502
IVTBASEH                                  (abs)             00045E
IVTBASEL                                  (abs)             00045D
IVTBASEU                                  (abs)             00045F
TMR0_DefaultInterruptHandler@count        bssCOMRAM         00050B
TMR0_SetInterruptHandler@InterruptHandler cstackCOMRAM      000502
_ACTCON                                   (abs)             0000AC
_ANSELA                                   (abs)             000400
_ANSELB                                   (abs)             000408
_ANSELC                                   (abs)             000410
_DebounceCnt                              bssCOMRAM         00050D
_Default_ISR                              text9             00187C
_FLASH_EraseBlock                         text8             001672
_GIE                                      (abs)             0026B7
_I2C1PIE                                  (abs)             00029B
_INLVLA                                   (abs)             000404
_INLVLB                                   (abs)             00040C
_INLVLC                                   (abs)             000414
_INTCON0bits                              (abs)             0004D6
_INTERRUPT_Initialize                     text7             001772
_IPR3bits                                 (abs)             00036A
_IVTBASEH                                 (abs)             00045E
_IVTBASEL                                 (abs)             00045D
_IVTBASEU                                 (abs)             00045F
_IVTLOCK                                  (abs)             000459
_IVTLOCKbits                              (abs)             000459
_LATA                                     (abs)             0004BE
_LATB                                     (abs)             0004BF
_LATC                                     (abs)             0004C0
_LATCbits                                 (abs)             0004C0
_MEMORY_ISR                               text12            001878
_NVMADRH                                  (abs)             000044
_NVMADRL                                  (abs)             000043
_NVMADRU                                  (abs)             000045
_NVMCON0bits                              (abs)             000040
_NVMCON1bits                              (abs)             000041
_NVMDATL                                  (abs)             000046
_NVMLOCK                                  (abs)             000042
_ODCONA                                   (abs)             000402
_ODCONB                                   (abs)             00040A
_ODCONC                                   (abs)             000412
_OSCCON1                                  (abs)             0000AD
_OSCCON3                                  (abs)             0000AF
_OSCEN                                    (abs)             0000B3
_OSCFRQ                                   (abs)             0000B1
_OSCILLATOR_Initialize                    text6             00183C
_OSCTUNE                                  (abs)             0000B0
_PIE3bits                                 (abs)             0004AB
_PIN_MANAGER_Initialize                   text5             0016D4
_PIR0bits                                 (abs)             0004B3
_PIR3bits                                 (abs)             0004B6
_PMD0                                     (abs)             000063
_PMD1                                     (abs)             000064
_PMD2                                     (abs)             000065
_PMD3                                     (abs)             000066
_PMD4                                     (abs)             000067
_PMD5                                     (abs)             000068
_PMD_Initialize                           text4             001820
_PORTCbits                                (abs)             0004D0
_SLRCONA                                  (abs)             000403
_SLRCONB                                  (abs)             00040B
_SLRCONC                                  (abs)             000413
_SYSTEM_Initialize                        text1             001858
_T0CON0                                   (abs)             00031A
_T0CON0bits                               (abs)             00031A
_T0CON1                                   (abs)             00031B
_TABLAT                                   (abs)             0004F5
_TBLPTRH                                  (abs)             0004F7
_TBLPTRL                                  (abs)             0004F6
_TBLPTRU                                  (abs)             0004F8
_TMR0H                                    (abs)             000319
_TMR0L                                    (abs)             000318
_TMR0_DefaultInterruptHandler             text11            001728
_TMR0_ISR                                 text10            0017B0
_TMR0_Initialize                          text2             0017DE
_TMR0_InterruptHandler                    nvCOMRAM          00050F
_TMR0_SetInterruptHandler                 text3             00186E
_TRISA                                    (abs)             0004C6
_TRISB                                    (abs)             0004C7
_TRISC                                    (abs)             0004C8
_WPUA                                     (abs)             000401
_WPUB                                     (abs)             000409
_WPUC                                     (abs)             000411
__HRAM                                    (abs)             000000
__H_app_loaded_const                      _app_loaded_const 010000
__Habs1                                   abs1              000000
__Hbank10                                 bank10            000000
__Hbank11                                 bank11            000000
__Hbank12                                 bank12            000000
__Hbank13                                 bank13            000000
__Hbank14                                 bank14            000000
__Hbank15                                 bank15            000000
__Hbank16                                 bank16            000000
__Hbank17                                 bank17            000000
__Hbank18                                 bank18            000000
__Hbank19                                 bank19            000000
__Hbank20                                 bank20            000000
__Hbank21                                 bank21            000000
__Hbank5                                  bank5             000000
__Hbank6                                  bank6             000000
__Hbank7                                  bank7             000000
__Hbank8                                  bank8             000000
__Hbank9                                  bank9             000000
__Hbigbss                                 bigbss            000000
__Hbigdata                                bigdata           000000
__Hbigram                                 bigram            000000
__Hbss                                    bss               000000
__HbssCOMRAM                              bssCOMRAM         000000
__Hcinit                                  cinit             000000
__Hclrtext                                clrtext           000000
__Hcomram                                 comram            000000
__Hconfig                                 config            30000A
__Hconst                                  const             000000
__HcstackCOMRAM                           cstackCOMRAM      000000
__Hdata                                   data              000000
__Heeprom_data                            eeprom_data       000000
__Hfarbss                                 farbss            000000
__Hfardata                                fardata           000000
__Hibigdata                               ibigdata          000000
__Hidata                                  idata             000000
__Hidloc                                  idloc             200020
__Hifardata                               ifardata          000000
__Hinit                                   init              0006BE
__Hintsave_regs                           intsave_regs      000000
__Hirdata                                 irdata            000000
__Hivt0x608                               ivt0x608          0006BA
__Hmediumconst                            mediumconst       000000
__HnvCOMRAM                               nvCOMRAM          000000
__HnvFARRAM                               nvFARRAM          000000
__Hnvbit                                  nvbit             000000
__Hnvrram                                 nvrram            000000
__Hparam                                  rparam            000000
__Hpowerup                                powerup           000000
__Hram                                    ram               000000
__Hramtop                                 ramtop            001600
__Hrbit                                   rbit              000000
__Hrbss                                   rbss              000000
__Hrdata                                  rdata             000000
__Hreset_vec                              reset_vec         000604
__Hrparam                                 rparam            000000
__Hsfr                                    sfr               000000
__Hsmallconst                             smallconst        001602
__Hspace_0                                (abs)             010000
__Hspace_1                                (abs)             000511
__Hspace_2                                (abs)             000000
__Hspace_4                                (abs)             60000A
__Hstack                                  stack             000000
__Hstruct                                 struct            000000
__Htemp                                   temp              000000
__Htext                                   text              000000
__Htext0                                  text0             000000
__Htext1                                  text1             000000
__Htext10                                 text10            000000
__Htext11                                 text11            000000
__Htext12                                 text12            000000
__Htext13                                 text13            000000
__Htext2                                  text2             000000
__Htext3                                  text3             000000
__Htext4                                  text4             000000
__Htext5                                  text5             000000
__Htext6                                  text6             000000
__Htext7                                  text7             000000
__Htext8                                  text8             000000
__Htext9                                  text9             000000
__LRAM                                    (abs)             000001
__L_app_loaded_const                      _app_loaded_const 00FFFE
__Labs1                                   abs1              000000
__Lbank10                                 bank10            000000
__Lbank11                                 bank11            000000
__Lbank12                                 bank12            000000
__Lbank13                                 bank13            000000
__Lbank14                                 bank14            000000
__Lbank15                                 bank15            000000
__Lbank16                                 bank16            000000
__Lbank17                                 bank17            000000
__Lbank18                                 bank18            000000
__Lbank19                                 bank19            000000
__Lbank20                                 bank20            000000
__Lbank21                                 bank21            000000
__Lbank5                                  bank5             000000
__Lbank6                                  bank6             000000
__Lbank7                                  bank7             000000
__Lbank8                                  bank8             000000
__Lbank9                                  bank9             000000
__Lbigbss                                 bigbss            000000
__Lbigdata                                bigdata           000000
__Lbigram                                 bigram            000000
__Lbss                                    bss               000000
__LbssCOMRAM                              bssCOMRAM         000000
__Lcinit                                  cinit             000000
__Lclrtext                                clrtext           000000
__Lcomram                                 comram            000000
__Lconfig                                 config            000000
__Lconst                                  const             000000
__LcstackCOMRAM                           cstackCOMRAM      000000
__Ldata                                   data              000000
__Leeprom_data                            eeprom_data       000000
__Lfarbss                                 farbss            000000
__Lfardata                                fardata           000000
__Libigdata                               ibigdata          000000
__Lidata                                  idata             000000
__Lidloc                                  idloc             000000
__Lifardata                               ifardata          000000
__Linit                                   init              0006BA
__Lintsave_regs                           intsave_regs      000000
__Lirdata                                 irdata            000000
__Livt0x608                               ivt0x608          000608
__Lmediumconst                            mediumconst       000000
__LnvCOMRAM                               nvCOMRAM          000000
__LnvFARRAM                               nvFARRAM          000000
__Lnvbit                                  nvbit             000000
__Lnvrram                                 nvrram            000000
__Lparam                                  rparam            000000
__Lpowerup                                powerup           000000
__Lram                                    ram               000000
__Lramtop                                 ramtop            001600
__Lrbit                                   rbit              000000
__Lrbss                                   rbss              000000
__Lrdata                                  rdata             000000
__Lreset_vec                              reset_vec         000600
__Lrparam                                 rparam            000000
__Lsfr                                    sfr               000000
__Lsmallconst                             smallconst        001600
__Lspace_0                                (abs)             000000
__Lspace_1                                (abs)             000000
__Lspace_2                                (abs)             000000
__Lspace_4                                (abs)             000000
__Lstack                                  stack             000000
__Lstruct                                 struct            000000
__Ltemp                                   temp              000000
__Ltext                                   text              000000
__Ltext0                                  text0             000000
__Ltext1                                  text1             000000
__Ltext10                                 text10            000000
__Ltext11                                 text11            000000
__Ltext12                                 text12            000000
__Ltext13                                 text13            000000
__Ltext2                                  text2             000000
__Ltext3                                  text3             000000
__Ltext4                                  text4             000000
__Ltext5                                  text5             000000
__Ltext6                                  text6             000000
__Ltext7                                  text7             000000
__Ltext8                                  text8             000000
__Ltext9                                  text9             000000
__S0                                      (abs)             00187E
__S1                                      (abs)             000511
__S2                                      (abs)             000000
__S4                                      (abs)             000000
__S5                                      (abs)             000000
___inthi_sp                               stack             000000
___intlo_sp                               stack             000000
___param_bank                             (abs)             000000
___rparam_used                            (abs)             000001
___sp                                     stack             000000
__accesstop                               (abs)             000560
__activetblptr                            (abs)             000003
__end_of_Default_ISR                      text9             00187E
__end_of_FLASH_EraseBlock                 text8             0016D4
__end_of_INTERRUPT_Initialize             text7             0017B0
__end_of_MEMORY_ISR                       text12            00187C
__end_of_OSCILLATOR_Initialize            text6             001858
__end_of_PIN_MANAGER_Initialize           text5             001728
__end_of_PMD_Initialize                   text4             00183C
__end_of_SYSTEM_Initialize                text1             00186E
__end_of_TMR0_DefaultInterruptHandler     text11            001772
__end_of_TMR0_ISR                         text10            0017DE
__end_of_TMR0_Initialize                  text2             001804
__end_of_TMR0_SetInterruptHandler         text3             001878
__end_of__initialization                  cinit             00181A
__end_of_app_loaded                       _app_loaded_const 010000
__end_of_main                             text0             001672
__initialization                          cinit             001804
__mediumconst                             mediumconst       000000
__p_app_loaded_const                      _app_loaded_const 00FFFE
__pbssCOMRAM                              bssCOMRAM         00050B
__pcinit                                  cinit             001804
__pcstackCOMRAM                           cstackCOMRAM      000501
__pivt0x608                               ivt0x608          000608
__pnvCOMRAM                               nvCOMRAM          00050F
__psmallconst                             smallconst        001600
__ptext0                                  text0             001602
__ptext1                                  text1             001858
__ptext10                                 text10            0017B0
__ptext11                                 text11            001728
__ptext12                                 text12            001878
__ptext13                                 text13            000000
__ptext2                                  text2             0017DE
__ptext3                                  text3             00186E
__ptext4                                  text4             001820
__ptext5                                  text5             0016D4
__ptext6                                  text6             00183C
__ptext7                                  text7             001772
__ptext8                                  text8             001672
__ptext9                                  text9             00187C
__ramtop                                  ramtop            001600
__size_of_Default_ISR                     (abs)             000000
__size_of_FLASH_EraseBlock                (abs)             000000
__size_of_INTERRUPT_Initialize            (abs)             000000
__size_of_MEMORY_ISR                      (abs)             000000
__size_of_OSCILLATOR_Initialize           (abs)             000000
__size_of_PIN_MANAGER_Initialize          (abs)             000000
__size_of_PMD_Initialize                  (abs)             000000
__size_of_SYSTEM_Initialize               (abs)             000000
__size_of_TMR0_DefaultInterruptHandler    (abs)             000000
__size_of_TMR0_ISR                        (abs)             000000
__size_of_TMR0_Initialize                 (abs)             000000
__size_of_TMR0_SetInterruptHandler        (abs)             000000
__size_of_main                            (abs)             000000
__smallconst                              smallconst        001600
_app_loaded                               _app_loaded_const 00FFFE
_app_loaded_absconstaddr                  (abs)             00FFFE
_bBL                                      bssCOMRAM         00050E
_bufferRAM                                (abs)             001500
_main                                     text0             001602
end_of_initialization                     cinit             00181A
intlevel0                                 text              000000
intlevel1                                 text              000000
intlevel2                                 text              000000
intlevel3                                 text              000000
isa$std                                   (abs)             000001
isa$xinst                                 (abs)             000000
ivt0x608_base                             ivt0x608          000608
ivt0x608_undefint                         ivt0x608          0006B8
stackhi                                   (abs)             0014FF
stacklo                                   (abs)             000560
start                                     init              0006BA
start_initialization                      cinit             001804


MODULE INFORMATION

Module		Function		Class		Link	Load	Size
mcc_generated_files/interrupt_manager.c
		_INTERRUPT_Initialize		CODE           	1772	0000	62
		_Default_ISR   		CODE           	187C	0000	2

mcc_generated_files/interrupt_manager.c estimated size: 64

mcc_generated_files/tmr0.c
		_TMR0_SetInterruptHandler		CODE           	186E	0000	10
		_TMR0_DefaultInterruptHandler		CODE           	1728	0000	74
		_TMR0_ISR      		CODE           	17B0	0000	46
		_TMR0_Initialize		CODE           	17DE	0000	38

mcc_generated_files/tmr0.c estimated size: 168

mcc_generated_files/pin_manager.c
		_PIN_MANAGER_Initialize		CODE           	16D4	0000	84

mcc_generated_files/pin_manager.c estimated size: 84

shared
		_app_loaded    		CODE           	FFFE	0000	2
		__initialization		CODE           	1804	0000	22

shared estimated size: 24

mcc_generated_files/mcc.c
		_PMD_Initialize		CODE           	1820	0000	28
		_OSCILLATOR_Initialize		CODE           	183C	0000	28
		_SYSTEM_Initialize		CODE           	1858	0000	22

mcc_generated_files/mcc.c estimated size: 78

mcc_generated_files/memory.c
		_FLASH_EraseBlock		CODE           	1672	0000	98
		_MEMORY_ISR    		CODE           	1878	0000	4

mcc_generated_files/memory.c estimated size: 102

main.c
		_main          		CODE           	1602	0000	112

main.c estimated size: 112

