Microchip MPLAB XC8 Compiler V2.32

Linker command line:

-W-3 --edf=C:\Program Files\Microchip\xc8\v2.32\pic\dat\en_msgs.txt -cn \
  -h+dist/default/production\PIC18F16Q40_I2C_Bootloader.X.production.sym \
  --cmf=dist/default/production\PIC18F16Q40_I2C_Bootloader.X.production.cmf \
  -z -Q18F16Q40 -oC:\Users\A50807\AppData\Local\Temp\xcAs5u0.5 \
  --defsym=__MPLAB_BUILD=1 \
  -Mdist/default/production/PIC18F16Q40_I2C_Bootloader.X.production.map -E1 \
  -ver=XC8 Compiler --acfsm=1493 -ASTACK=05E0h-014FFh -pstack=STACK \
  -ACODE=00h-05FFh -ACONST=00h-05FFh -ACOMRAM=0501h-055Fh \
  -AABS1=0500h-015FFh -ABIGRAM=0501h-015FFh \
  -ARAM=0560h-05FFh,0600h-06FFhx16 -ABANK5=0560h-05FFh -ABANK6=0600h-06FFh \
  -ABANK7=0700h-07FFh -ABANK8=0800h-08FFh -ABANK9=0900h-09FFh \
  -ABANK10=0A00h-0AFFh -ABANK11=0B00h-0BFFh -ABANK12=0C00h-0CFFh \
  -ABANK13=0D00h-0DFFh -ABANK14=0E00h-0EFFh -ABANK15=0F00h-0FFFh \
  -ABANK16=01000h-010FFh -ABANK17=01100h-011FFh -ABANK18=01200h-012FFh \
  -ABANK19=01300h-013FFh -ABANK20=01400h-014FFh -ABANK21=01500h-015FFh \
  -ASFR=00h-0FFhx4,0400h-045Fh,0460h-04FFh -ACONFIG=0300000h-0300011h \
  -AIDLOC=0200000h-020001Fh -AEEDATA=0380000h-03801FFh -peeprom_data=EEDATA \
  -preset_vec=00h -ppowerup=CODE,init -pramtop=01600h -pconst=CONST \
  -AFARRAM=00h-00h \
  -prdata=COMRAM,nvrram=COMRAM,nvbit=COMRAM,rbss=COMRAM,rbit=COMRAM \
  -pfarbss=FARRAM,fardata=FARRAM,nvFARRAM=FARRAM \
  -pintsave_regs=BIGRAM,bigbss=BIGRAM,bigdata=BIGRAM -pbss=RAM \
  -pidata=CODE,irdata=CODE,ibigdata=CODE,ifardata=CODE -prparam=COMRAM \
  C:\Users\A50807\AppData\Local\Temp\xcAs5u0.o \
  dist/default/production\PIC18F16Q40_I2C_Bootloader.X.production.o 

Object code version is 3.11

Machine type is 18F16Q40



                Name                               Link     Load   Length Selector   Space Scale
C:\Users\A50807\AppData\Local\Temp\xcAs5u0.o
                idloc                            200000   200000       20        0       5
                config                           300000   300000        A        0       4
                init                                5FC      5FC        4      2FE       0
                reset_vec                             0        0        4        0       0
dist/default/production\PIC18F16Q40_I2C_Bootloader.X.production.o
                idloc                            200000   200000       20        0       5
                config                           300000   300000        A        0       4
                text8                               23C      23C       22      11E       0
                text7                               280      280       2C      140       0
                text6                               39E      39E       7E      1CF       0
                text5                               22A      22A       12      115       0
                text4                               2D8      2D8       30      16C       0
                text3                               2AC      2AC       2C      156       0
                text2                               33A      33A       64      19D       0
                text1                               41C      41C      1E0      20E       0
                cstackCOMRAM                        501      501        F      501       1
                bssBANK5                            560      560       80      560       1
                bssCOMRAM                           510      510        6      501       1
                cinit                               25E      25E       22      12F       0
                text0                               308      308       32      184       0
                intcodelo                           222      222        4      111       0
                intcode                             226      226        4      113       0

TOTAL           Name                               Link     Load   Length     Space
        CLASS   STACK          

        CLASS   CODE           
                init                                5FC      5FC        4         0
                reset_vec                             0        0        4         0
                text8                               23C      23C       22         0
                text7                               280      280       2C         0
                text6                               39E      39E       7E         0
                text5                               22A      22A       12         0
                text4                               2D8      2D8       30         0
                text3                               2AC      2AC       2C         0
                text2                               33A      33A       64         0
                text1                               41C      41C      1E0         0
                cinit                               25E      25E       22         0
                text0                               308      308       32         0
                intcodelo                           222      222        4         0
                intcode                             226      226        4         0

        CLASS   CONST          

        CLASS   COMRAM         
                cstackCOMRAM                        501      501        F         1
                bssCOMRAM                           510      510        6         1

        CLASS   ABS1           
                abs_s1                             1500     1500        2         1

        CLASS   BIGRAM         

        CLASS   RAM            

        CLASS   BANK5          
                bssBANK5                            560      560       80         1

        CLASS   BANK6          

        CLASS   BANK7          

        CLASS   BANK8          

        CLASS   BANK9          

        CLASS   BANK10         

        CLASS   BANK11         

        CLASS   BANK12         

        CLASS   BANK13         

        CLASS   BANK14         

        CLASS   BANK15         

        CLASS   BANK16         

        CLASS   BANK17         

        CLASS   BANK18         

        CLASS   BANK19         

        CLASS   BANK20         

        CLASS   BANK21         

        CLASS   SFR            

        CLASS   CONFIG         
                config                           300000   300000        A         4

        CLASS   IDLOC          
                idloc                            200000   200000       20         5

        CLASS   EEDATA         

        CLASS   FARRAM         

        CLASS   MEDIUMCONST    

        CLASS   SMALLCONST     



SEGMENTS        Name                           Load    Length   Top    Selector   Space  Class

                reset_vec                      000000  000004  000004         0       0  CODE    
                intcodelo                      000222  000004  000226       111       0  CODE    
                intcode                        000226  000004  00022A       113       0  CODE    
                text5                          00022A  000012  00023C       115       0  CODE    
                text8                          00023C  000022  00025E       11E       0  CODE    
                cinit                          00025E  000022  000280       12F       0  CODE    
                text7                          000280  00002C  0002AC       140       0  CODE    
                text3                          0002AC  00002C  0002D8       156       0  CODE    
                text4                          0002D8  000030  000308       16C       0  CODE    
                text0                          000308  000032  00033A       184       0  CODE    
                text2                          00033A  000064  00039E       19D       0  CODE    
                text6                          00039E  00007E  00041C       1CF       0  CODE    
                text1                          00041C  0001E0  0005FC       20E       0  CODE    
                cstackCOMRAM                   000501  000015  000516       501       1  COMRAM  
                bssBANK5                       000560  000080  0005E0       560       1  BANK5   
                init                           0005FC  000004  000600       2FE       0  CODE    


UNUSED ADDRESS RANGES

        Name                Unused          Largest block    Delta
        BANK10           000A00-000AFF              100
        BANK11           000B00-000BFF              100
        BANK12           000C00-000CFF              100
        BANK13           000D00-000DFF              100
        BANK14           000E00-000EFF              100
        BANK15           000F00-000FFF              100
        BANK16           001000-0010FF              100
        BANK17           001100-0011FF              100
        BANK18           001200-0012FF              100
        BANK19           001300-0013FF              100
        BANK20           001400-0014FF              100
        BANK21           001502-0015FF               FE
        BANK5            0005E0-0005FF               20
        BANK6            000600-0006FF              100
        BANK7            000700-0007FF              100
        BANK8            000800-0008FF              100
        BANK9            000900-0009FF              100
        BIGRAM           000516-00055F               4A
                         0005E0-0014FF              F20
                         001502-0015FF               FE
        CODE             000004-000221              21E
        COMRAM           000516-00055F               4A
        CONFIG           30000A-300011                8
        CONST            000004-000221              21E
        EEDATA           380000-3801FF              200
        RAM              0005E0-0014FF              100
                         001502-0015FF               FE
        SFR              000000-0004FF              100
        STACK            0005E0-0014FF              F20

                                  Symbol Table

?_flash_memory_read               cstackCOMRAM 000501
DELAY_milliseconds@milliseconds   cstackCOMRAM 000501
PL2                               text1        0005E4
PL4                               text4        0002FC
PL6                               text1        0005F2
_ACTCON                           (abs)        0000AC
_ANSELA                           (abs)        000400
_ANSELB                           (abs)        000408
_ANSELC                           (abs)        000410
_DELAY_milliseconds               text8        00023C
_I2C1ADB0                         (abs)        00028E
_I2C1ADR0                         (abs)        000290
_I2C1ADR1                         (abs)        000291
_I2C1ADR2                         (abs)        000292
_I2C1ADR3                         (abs)        000293
_I2C1CNTH                         (abs)        00028D
_I2C1CNTL                         (abs)        00028C
_I2C1CON0                         (abs)        000294
_I2C1CON0bits                     (abs)        000294
_I2C1CON1                         (abs)        000295
_I2C1CON2                         (abs)        000296
_I2C1ERRbits                      (abs)        000297
_I2C1PIEbits                      (abs)        00029B
_I2C1PIR                          (abs)        00029A
_I2C1PIRbits                      (abs)        00029A
_I2C1RXB                          (abs)        00028A
_I2C1SCLPPS                       (abs)        000271
_I2C1SDAPPS                       (abs)        000270
_I2C1STAT0bits                    (abs)        000298
_I2C1STAT1bits                    (abs)        000299
_I2C1TXB                          (abs)        00028B
_I2C_Slave_Init                   text7        000280
_INLVLA                           (abs)        000404
_INLVLB                           (abs)        00040C
_INLVLC                           (abs)        000414
_INTCON0bits                      (abs)        0004D6
_Initialize                       text6        00039E
_LATA                             (abs)        0004BE
_LATB                             (abs)        0004BF
_LATC                             (abs)        0004C0
_LATC1                            (abs)        002601
_NVMADRH                          (abs)        000044
_NVMADRL                          (abs)        000043
_NVMADRU                          (abs)        000045
_NVMCON0bits                      (abs)        000040
_NVMCON1                          (abs)        000041
_NVMCON1bits                      (abs)        000041
_NVMDATH                          (abs)        000047
_NVMDATL                          (abs)        000046
_NVMLOCK                          (abs)        000042
_ODCONA                           (abs)        000402
_ODCONB                           (abs)        00040A
_ODCONC                           (abs)        000412
_OSCCON1                          (abs)        0000AD
_OSCCON3                          (abs)        0000AF
_OSCEN                            (abs)        0000B3
_OSCFRQ                           (abs)        0000B1
_OSCTUNE                          (abs)        0000B0
_PIE7bits                         (abs)        0004AF
_PIR7bits                         (abs)        0004BA
_PMD0                             (abs)        000063
_PMD1                             (abs)        000064
_PMD2                             (abs)        000065
_PMD3                             (abs)        000066
_PMD4                             (abs)        000067
_PMD5                             (abs)        000068
_RB4PPS                           (abs)        00020D
_RB6PPS                           (abs)        00020F
_SLRCONA                          (abs)        000403
_SLRCONB                          (abs)        00040B
_SLRCONC                          (abs)        000413
_TABLAT                           (abs)        0004F5
_TBLPTRH                          (abs)        0004F7
_TBLPTRL                          (abs)        0004F6
_TBLPTRU                          (abs)        0004F8
_TRISA                            (abs)        0004C6
_TRISB                            (abs)        0004C7
_TRISC                            (abs)        0004C8
_WPUA                             (abs)        000401
_WPUB                             (abs)        000409
_WPUC                             (abs)        000411
__HRAM                            (abs)        000000
__Habs1                           abs1         000000
__Hbank10                         bank10       000000
__Hbank11                         bank11       000000
__Hbank12                         bank12       000000
__Hbank13                         bank13       000000
__Hbank14                         bank14       000000
__Hbank15                         bank15       000000
__Hbank16                         bank16       000000
__Hbank17                         bank17       000000
__Hbank18                         bank18       000000
__Hbank19                         bank19       000000
__Hbank20                         bank20       000000
__Hbank21                         bank21       000000
__Hbank5                          bank5        000000
__Hbank6                          bank6        000000
__Hbank7                          bank7        000000
__Hbank8                          bank8        000000
__Hbank9                          bank9        000000
__Hbigbss                         bigbss       000000
__Hbigdata                        bigdata      000000
__Hbigram                         bigram       000000
__Hbss                            bss          000000
__HbssBANK5                       bssBANK5     000000
__HbssCOMRAM                      bssCOMRAM    000000
__Hcinit                          cinit        000000
__Hclrtext                        clrtext      000000
__Hcomram                         comram       000000
__Hconfig                         config       30000A
__Hconst                          const        000000
__HcstackCOMRAM                   cstackCOMRAM 000000
__Hdata                           data         000000
__Heeprom_data                    eeprom_data  000000
__Hfarbss                         farbss       000000
__Hfardata                        fardata      000000
__Hibigdata                       ibigdata     000000
__Hidata                          idata        000000
__Hidloc                          idloc        200020
__Hifardata                       ifardata     000000
__Hinit                           init         000600
__Hintcode                        intcode      000000
__Hintcodelo                      intcodelo    000000
__Hintsave_regs                   intsave_regs 000000
__Hirdata                         irdata       000000
__Hmediumconst                    mediumconst  000000
__HnvFARRAM                       nvFARRAM     000000
__Hnvbit                          nvbit        000000
__Hnvrram                         nvrram       000000
__Hpa_nodes0                      pa_nodes0    000000
__Hparam                          rparam       000000
__Hpowerup                        powerup      000000
__Hram                            ram          000000
__Hramtop                         ramtop       001600
__Hrbit                           rbit         000000
__Hrbss                           rbss         000000
__Hrdata                          rdata        000000
__Hreset_vec                      reset_vec    000004
__Hrparam                         rparam       000000
__Hsfr                            sfr          000000
__Hsmallconst                     smallconst   000000
__Hspace_0                        (abs)        001600
__Hspace_1                        (abs)        0005E0
__Hspace_2                        (abs)        000000
__Hspace_4                        (abs)        60000A
__Hstack                          stack        000000
__Hstruct                         struct       000000
__Htemp                           temp         000000
__Htext                           text         000000
__Htext0                          text0        000000
__Htext1                          text1        000000
__Htext2                          text2        000000
__Htext3                          text3        000000
__Htext4                          text4        000000
__Htext5                          text5        000000
__Htext6                          text6        000000
__Htext7                          text7        000000
__Htext8                          text8        000000
__LRAM                            (abs)        000001
__Labs1                           abs1         000000
__Lbank10                         bank10       000000
__Lbank11                         bank11       000000
__Lbank12                         bank12       000000
__Lbank13                         bank13       000000
__Lbank14                         bank14       000000
__Lbank15                         bank15       000000
__Lbank16                         bank16       000000
__Lbank17                         bank17       000000
__Lbank18                         bank18       000000
__Lbank19                         bank19       000000
__Lbank20                         bank20       000000
__Lbank21                         bank21       000000
__Lbank5                          bank5        000000
__Lbank6                          bank6        000000
__Lbank7                          bank7        000000
__Lbank8                          bank8        000000
__Lbank9                          bank9        000000
__Lbigbss                         bigbss       000000
__Lbigdata                        bigdata      000000
__Lbigram                         bigram       000000
__Lbss                            bss          000000
__LbssBANK5                       bssBANK5     000000
__LbssCOMRAM                      bssCOMRAM    000000
__Lcinit                          cinit        000000
__Lclrtext                        clrtext      000000
__Lcomram                         comram       000000
__Lconfig                         config       000000
__Lconst                          const        000000
__LcstackCOMRAM                   cstackCOMRAM 000000
__Ldata                           data         000000
__Leeprom_data                    eeprom_data  000000
__Lfarbss                         farbss       000000
__Lfardata                        fardata      000000
__Libigdata                       ibigdata     000000
__Lidata                          idata        000000
__Lidloc                          idloc        000000
__Lifardata                       ifardata     000000
__Linit                           init         0005FC
__Lintcode                        intcode      000000
__Lintcodelo                      intcodelo    000000
__Lintsave_regs                   intsave_regs 000000
__Lirdata                         irdata       000000
__Lmediumconst                    mediumconst  000000
__LnvFARRAM                       nvFARRAM     000000
__Lnvbit                          nvbit        000000
__Lnvrram                         nvrram       000000
__Lpa_nodes0                      pa_nodes0    000000
__Lparam                          rparam       000000
__Lpowerup                        powerup      000000
__Lram                            ram          000000
__Lramtop                         ramtop       001600
__Lrbit                           rbit         000000
__Lrbss                           rbss         000000
__Lrdata                          rdata        000000
__Lreset_vec                      reset_vec    000000
__Lrparam                         rparam       000000
__Lsfr                            sfr          000000
__Lsmallconst                     smallconst   000000
__Lspace_0                        (abs)        000000
__Lspace_1                        (abs)        000000
__Lspace_2                        (abs)        000000
__Lspace_4                        (abs)        000000
__Lstack                          stack        000000
__Lstruct                         struct       000000
__Ltemp                           temp         000000
__Ltext                           text         000000
__Ltext0                          text0        000000
__Ltext1                          text1        000000
__Ltext2                          text2        000000
__Ltext3                          text3        000000
__Ltext4                          text4        000000
__Ltext5                          text5        000000
__Ltext6                          text6        000000
__Ltext7                          text7        000000
__Ltext8                          text8        000000
__S0                              (abs)        000600
__S1                              (abs)        0005E0
__S2                              (abs)        000000
__S4                              (abs)        000000
__S5                              (abs)        000000
__WriteData                       text5        00022A
__WriteData@data                  cstackCOMRAM 000501
___inthi_sp                       stack        000000
___intlo_sp                       stack        000000
___param_bank                     (abs)        000000
___rparam_used                    (abs)        000001
___sp                             stack        000000
__accesstop                       (abs)        000560
__activetblptr                    (abs)        000002
__end_ofPL2                       text1        0005F2
__end_ofPL4                       text4        000308
__end_ofPL6                       text1        0005FC
__end_of_DELAY_milliseconds       text8        00025E
__end_of_I2C_Slave_Init           text7        0002AC
__end_of_Initialize               text6        00041C
__end_of__WriteData               text5        00023C
__end_of__initialization          cinit        000276
__end_of_do_i2c_tasks             text1        0005E4
__end_of_flash_memory_erase       text4        0002FC
__end_of_flash_memory_read        text3        0002D8
__end_of_flash_memory_write       text2        00039E
__end_of_main                     text0        00033A
__initialization                  cinit        00025E
__pbssBANK5                       bssBANK5     000560
__pbssCOMRAM                      bssCOMRAM    000510
__pcinit                          cinit        00025E
__pcstackCOMRAM                   cstackCOMRAM 000501
__ptext0                          text0        000308
__ptext1                          text1        00041C
__ptext2                          text2        00033A
__ptext3                          text3        0002AC
__ptext4                          text4        0002D8
__ptext5                          text5        00022A
__ptext6                          text6        00039E
__ptext7                          text7        000280
__ptext8                          text8        00023C
__ramtop                          ramtop       001600
__size_of_DELAY_milliseconds      (abs)        000000
__size_of_I2C_Slave_Init          (abs)        000000
__size_of_Initialize              (abs)        000000
__size_of__WriteData              (abs)        000000
__size_of_do_i2c_tasks            (abs)        000000
__size_of_flash_memory_erase      (abs)        000000
__size_of_flash_memory_read       (abs)        000000
__size_of_flash_memory_write      (abs)        000000
__size_of_main                    (abs)        000000
_bufferRAM                        (abs)        001500
_do_i2c_tasks                     text1        00041C
_flash_addr_pointer               bssCOMRAM    000510
_flash_buffer                     bssBANK5     000560
_flash_memory_erase               text4        0002D8
_flash_memory_read                text3        0002AC
_flash_memory_write               text2        00033A
_i2cSlaveState                    bssCOMRAM    000512
_main                             text0        000308
_pksa_index                       bssCOMRAM    000514
_pksa_status                      bssCOMRAM    000513
_pksa_wd_address                  bssCOMRAM    000515
do_i2c_tasks@dat                  cstackCOMRAM 00050C
do_i2c_tasks@i                    cstackCOMRAM 00050A
do_i2c_tasks@idx                  cstackCOMRAM 00050E
do_i2c_tasks@temp                 cstackCOMRAM 00050F
end_of_initialization             cinit        000276
flash_memory_erase@address        cstackCOMRAM 000501
flash_memory_erase@blockStartAddr cstackCOMRAM 000503
flash_memory_read@address         cstackCOMRAM 000501
flash_memory_read@readWordH       cstackCOMRAM 000506
flash_memory_read@readWordL       cstackCOMRAM 000505
flash_memory_write@address        cstackCOMRAM 000501
flash_memory_write@data           cstackCOMRAM 000503
flash_memory_write@wdi            cstackCOMRAM 000507
intlevel0                         text         000000
intlevel1                         text         000000
intlevel2                         text         000000
intlevel3                         text         000000
isa$std                           (abs)        000001
isa$xinst                         (abs)        000000
stackhi                           (abs)        0014FF
stacklo                           (abs)        0005E0
start                             init         0005FC
start_initialization              cinit        00025E


MODULE INFORMATION

Module		Function		Class		Link	Load	Size
delay.c
		_DELAY_milliseconds		CODE           	023C	0000	34

delay.c estimated size: 34

pksa.c
		__WriteData    		CODE           	022A	0000	18
		_I2C_Slave_Init		CODE           	0280	0000	44
		_do_i2c_tasks  		CODE           	041C	0000	456

pksa.c estimated size: 518

shared
		__initialization		CODE           	025E	0000	24
		PL2            		CODE           	05E4	0000	14
		PL4            		CODE           	02FC	0000	12
		PL6            		CODE           	05F2	0000	10

shared estimated size: 60

Bootloader.c
		_main          		CODE           	0308	0000	50
		_Initialize    		CODE           	039E	0000	126

Bootloader.c estimated size: 176

flash_routines.c
		_flash_memory_read		CODE           	02AC	0000	44
		_flash_memory_erase		CODE           	02D8	0000	36
		_flash_memory_write		CODE           	033A	0000	100

flash_routines.c estimated size: 180

